// Jest Snapshot v1, https://goo.gl/fbAQLP

exports[`ServicesCard matches snapshot 1`] = `
<a
  class="home-view-card services-card"
  href="#services"
>
  <div
    class="bp5-card bp5-elevation-1 bp5-interactive"
  >
    <h5
      class="bp5-heading"
    >
      <span
        aria-hidden="true"
        class="bp5-icon bp5-icon-standard bp5-icon-database"
        data-icon="database"
      />
      Â 
      Services
    </h5>
    <p>
      Loading...
    </p>
  </div>
</a>
`;
