// Jest Snapshot v1, https://goo.gl/fbAQLP

exports[`ArrayModeSwitch matches snapshot 1`] = `
<div
  class="bp5-form-group form-group-with-info"
>
  <div
    class="bp5-form-content"
  >
    <label
      class="bp5-control bp5-switch legacy-switch"
    >
      <input
        checked=""
        type="checkbox"
      />
      <span
        class="bp5-control-indicator"
      />
      Store ARRAYs as MVDs
    </label>
    <span
      class="info-popover bp5-popover-target"
    >
      <span
        aria-expanded="false"
        aria-haspopup="menu"
        aria-hidden="true"
        class="bp5-icon bp5-icon-info-sign"
        data-icon="info-sign"
      />
    </span>
  </div>
</div>
`;
