// Jest Snapshot v1, https://goo.gl/fbAQLP

exports[`doctor dialog matches snapshot 1`] = `
<div
  class="bp3-portal"
>
  <div
    class="bp3-overlay bp3-overlay-open bp3-overlay-scroll-container"
  >
    <div
      class="bp3-overlay-backdrop bp3-overlay-appear bp3-overlay-appear-active"
    />
    <div
      class="bp3-dialog-container bp3-overlay-content bp3-overlay-appear bp3-overlay-appear-active"
      tabindex="0"
    >
      <div
        class="bp3-dialog doctor-dialog"
      >
        <div
          class="bp3-dialog-header"
        >
          <span
            class="bp3-icon bp3-icon-pulse"
            icon="pulse"
          >
            <svg
              data-icon="pulse"
              height="20"
              viewBox="0 0 20 20"
              width="20"
            >
              <desc>
                pulse
              </desc>
              <path
                d="M19 10h-2.38L14.9 6.55h-.01c-.17-.32-.5-.55-.89-.55-.43 0-.79.28-.93.66h-.01l-2.75 7.57L7.98 1.82h-.02A.978.978 0 007 1c-.44 0-.8.29-.94.69h-.01L3.28 10H1c-.55 0-1 .45-1 1s.45 1 1 1h3c.44 0 .8-.29.94-.69h.01l1.78-5.34 2.29 12.21h.02c.08.46.47.82.96.82.43 0 .79-.28.93-.66h.01l3.21-8.82.96 1.92h.01c.16.33.49.56.88.56h3c.55 0 1-.45 1-1s-.45-1-1-1z"
                fill-rule="evenodd"
              />
            </svg>
          </span>
          <h4
            class="bp3-heading"
          >
            Druid Doctor
          </h4>
          <button
            aria-label="Close"
            class="bp3-button bp3-minimal bp3-dialog-close-button"
            type="button"
          >
            <span
              class="bp3-icon bp3-icon-small-cross"
              icon="small-cross"
            >
              <svg
                data-icon="small-cross"
                height="20"
                viewBox="0 0 20 20"
                width="20"
              >
                <desc>
                  small-cross
                </desc>
                <path
                  d="M11.41 10l3.29-3.29c.19-.18.3-.43.3-.71a1.003 1.003 0 00-1.71-.71L10 8.59l-3.29-3.3a1.003 1.003 0 00-1.42 1.42L8.59 10 5.3 13.29c-.19.18-.3.43-.3.71a1.003 1.003 0 001.71.71l3.29-3.3 3.29 3.29c.18.19.43.3.71.3a1.003 1.003 0 00.71-1.71L11.41 10z"
                  fill-rule="evenodd"
                />
              </svg>
            </span>
          </button>
        </div>
        <div
          class="bp3-dialog-body"
        >
          <div
            class="analyze-bar"
          >
            <div
              class="bp3-callout diagnosis"
            >
              Automated checks to troubleshoot issues with the cluster.
            </div>
            <button
              class="bp3-button bp3-fill bp3-intent-primary"
              type="button"
            >
              <span
                class="bp3-button-text"
              >
                Analyze Druid cluster
              </span>
            </button>
          </div>
        </div>
        <div
          class="bp3-dialog-footer"
        >
          <div
            class="bp3-dialog-footer-actions"
          >
            <button
              class="bp3-button"
              type="button"
            >
              <span
                class="bp3-button-text"
              >
                Close
              </span>
            </button>
          </div>
        </div>
      </div>
    </div>
  </div>
</div>
`;
