// Jest Snapshot v1, https://goo.gl/fbAQLP

exports[`TasksView matches snapshot 1`] = `
<div
  className="tasks-view app-view"
>
  <Memo(ViewControlBar)
    label="Tasks"
  >
    <Unknown>
      Group by
    </Unknown>
    <Blueprint4.ButtonGroup>
      <Blueprint4.Button
        active={true}
        onClick={[Function]}
      >
        None
      </Blueprint4.Button>
      <Blueprint4.Button
        active={false}
        onClick={[Function]}
      >
        Group ID
      </Blueprint4.Button>
      <Blueprint4.Button
        active={false}
        onClick={[Function]}
      >
        Type
      </Blueprint4.Button>
      <Blueprint4.Button
        active={false}
        onClick={[Function]}
      >
        Datasource
      </Blueprint4.Button>
      <Blueprint4.Button
        active={false}
        onClick={[Function]}
      >
        Status
      </Blueprint4.Button>
    </Blueprint4.ButtonGroup>
    <Memo(RefreshButton)
      localStorageKey="task-refresh-rate"
      onRefresh={[Function]}
    />
    <Memo(MoreButton)>
      <Blueprint4.MenuItem
        active={false}
        disabled={false}
        icon="application"
        multiline={false}
        onClick={[Function]}
        popoverProps={Object {}}
        selected={false}
        shouldDismissPopover={true}
        text="View SQL query for table"
      />
      <Blueprint4.MenuItem
        active={false}
        disabled={false}
        icon="manually-entered-data"
        multiline={false}
        onClick={[Function]}
        popoverProps={Object {}}
        selected={false}
        shouldDismissPopover={true}
        text="Submit JSON task"
      />
    </Memo(MoreButton)>
    <Memo(TableColumnSelector)
      columns={
        Array [
          "Task ID",
          "Group ID",
          "Type",
          "Datasource",
          "Status",
          "Created time",
          "Duration",
          "Location",
          "Actions",
        ]
      }
      onChange={[Function]}
      tableColumnsHidden={Array []}
    />
  </Memo(ViewControlBar)>
  <ReactTable
    AggregatedComponent={[Function]}
    ExpanderComponent={[Function]}
    FilterComponent={[Function]}
    LoadingComponent={[Function]}
    NoDataComponent={[Function]}
    PadRowComponent={[Function]}
    PaginationComponent={[Function]}
    PivotValueComponent={[Function]}
    ResizerComponent={[Function]}
    TableComponent={[Function]}
    TbodyComponent={[Function]}
    TdComponent={[Function]}
    TfootComponent={[Function]}
    ThComponent={[Function]}
    TheadComponent={[Function]}
    TrComponent={[Function]}
    TrGroupComponent={[Function]}
    aggregatedKey="_aggregated"
    className=""
    collapseOnDataChange={true}
    collapseOnPageChange={true}
    collapseOnSortingChange={true}
    column={
      Object {
        "Aggregated": undefined,
        "Cell": undefined,
        "Expander": undefined,
        "Filter": undefined,
        "Footer": undefined,
        "Header": undefined,
        "Pivot": undefined,
        "PivotValue": undefined,
        "Placeholder": undefined,
        "aggregate": undefined,
        "className": "",
        "filterAll": false,
        "filterMethod": undefined,
        "filterable": undefined,
        "footerClassName": "",
        "footerStyle": Object {},
        "getFooterProps": [Function],
        "getHeaderProps": [Function],
        "getProps": [Function],
        "headerClassName": "",
        "headerStyle": Object {},
        "minResizeWidth": 11,
        "minWidth": 100,
        "resizable": undefined,
        "show": true,
        "sortMethod": undefined,
        "sortable": undefined,
        "style": Object {},
      }
    }
    columns={
      Array [
        Object {
          "Aggregated": [Function],
          "Cell": [Function],
          "Header": "Task ID",
          "accessor": "task_id",
          "show": true,
          "width": 440,
        },
        Object {
          "Aggregated": [Function],
          "Cell": [Function],
          "Header": "Group ID",
          "accessor": "group_id",
          "show": true,
          "width": 300,
        },
        Object {
          "Cell": [Function],
          "Header": "Type",
          "accessor": "type",
          "show": true,
          "width": 140,
        },
        Object {
          "Cell": [Function],
          "Header": "Datasource",
          "accessor": "datasource",
          "show": true,
          "width": 200,
        },
        Object {
          "Cell": [Function],
          "Header": "Status",
          "accessor": [Function],
          "id": "status",
          "show": true,
          "sortMethod": [Function],
          "width": 110,
        },
        Object {
          "Aggregated": [Function],
          "Cell": [Function],
          "Header": "Created time",
          "accessor": "created_time",
          "show": true,
          "width": 190,
        },
        Object {
          "Aggregated": [Function],
          "Cell": [Function],
          "Header": "Duration",
          "accessor": "duration",
          "className": "padded",
          "filterable": false,
          "show": true,
          "width": 80,
        },
        Object {
          "Aggregated": [Function],
          "Cell": [Function],
          "Header": "Location",
          "accessor": "location",
          "show": true,
          "width": 200,
        },
        Object {
          "Aggregated": [Function],
          "Cell": [Function],
          "Header": "Actions",
          "accessor": "task_id",
          "filterable": false,
          "id": "actions",
          "show": true,
          "width": 70,
        },
      ]
    }
    data={Array []}
    defaultExpanded={Object {}}
    defaultFilterMethod={[Function]}
    defaultFiltered={Array []}
    defaultPage={0}
    defaultPageSize={25}
    defaultResized={Array []}
    defaultSortDesc={false}
    defaultSortMethod={[Function]}
    defaultSorted={
      Array [
        Object {
          "desc": true,
          "id": "status",
        },
      ]
    }
    expanderDefaults={
      Object {
        "filterable": false,
        "resizable": false,
        "sortable": false,
        "width": 35,
      }
    }
    filterable={true}
    filtered={Array []}
    freezeWhenExpanded={false}
    getLoadingProps={[Function]}
    getNoDataProps={[Function]}
    getPaginationProps={[Function]}
    getProps={[Function]}
    getResizerProps={[Function]}
    getTableProps={[Function]}
    getTbodyProps={[Function]}
    getTdProps={[Function]}
    getTfootProps={[Function]}
    getTfootTdProps={[Function]}
    getTfootTrProps={[Function]}
    getTheadFilterProps={[Function]}
    getTheadFilterThProps={[Function]}
    getTheadFilterTrProps={[Function]}
    getTheadGroupProps={[Function]}
    getTheadGroupThProps={[Function]}
    getTheadGroupTrProps={[Function]}
    getTheadProps={[Function]}
    getTheadThProps={[Function]}
    getTheadTrProps={[Function]}
    getTrGroupProps={[Function]}
    getTrProps={[Function]}
    groupedByPivotKey="_groupedByPivot"
    indexKey="_index"
    loading={true}
    loadingText="Loading..."
    multiSort={true}
    nestingLevelKey="_nestingLevel"
    nextText="Next"
    noDataText=""
    ofText="of"
    onFetchData={[Function]}
    onFilteredChange={[Function]}
    originalKey="_original"
    pageJumpText="jump to page"
    pageSizeOptions={
      Array [
        25,
        50,
        100,
      ]
    }
    pageText="Page"
    pivotBy={Array []}
    pivotDefaults={Object {}}
    pivotIDKey="_pivotID"
    pivotValKey="_pivotVal"
    previousText="Previous"
    resizable={true}
    resolveData={[Function]}
    rowsSelectorText="rows per page"
    rowsText="rows"
    showPageJump={true}
    showPageSizeOptions={true}
    showPagination={false}
    showPaginationBottom={true}
    showPaginationTop={false}
    sortable={true}
    style={Object {}}
    subRowsKey="_subRows"
  />
  <Memo(AlertDialog)
    confirmButtonText="OK"
    icon="error"
    intent="primary"
    isOpen={false}
    onConfirm={[Function]}
  >
    <p />
  </Memo(AlertDialog)>
</div>
`;
