// Jest Snapshot v1, https://goo.gl/fbAQLP

exports[`string menu matches snapshot 1`] = `
<li
  class="bp3-submenu"
>
  <span
    class="bp3-popover-wrapper"
  >
    <span
      class="bp3-popover-target"
    >
      <a
        class="bp3-menu-item"
        tabindex="0"
      >
        <span
          class="bp3-icon bp3-icon-filter"
          icon="filter"
        >
          <svg
            data-icon="filter"
            height="16"
            viewBox="0 0 16 16"
            width="16"
          >
            <desc>
              filter
            </desc>
            <path
              d="M13.99.99h-12a1.003 1.003 0 00-.71 1.71l4.71 4.71V14a1.003 1.003 0 001.71.71l2-2c.18-.18.29-.43.29-.71V7.41L14.7 2.7a1.003 1.003 0 00-.71-1.71z"
              fill-rule="evenodd"
            />
          </svg>
        </span>
        <div
          class="bp3-text-overflow-ellipsis bp3-fill"
        >
          Filter
        </div>
        <span
          class="bp3-icon bp3-icon-caret-right"
          icon="caret-right"
        >
          <svg
            data-icon="caret-right"
            height="16"
            viewBox="0 0 16 16"
            width="16"
          >
            <desc>
              caret-right
            </desc>
            <path
              d="M11 8c0-.15-.07-.28-.17-.37l-4-3.5A.495.495 0 006 4.5v7a.495.495 0 00.83.37l4-3.5c.1-.09.17-.22.17-.37z"
              fill-rule="evenodd"
            />
          </svg>
        </span>
      </a>
    </span>
  </span>
</li>
`;
