// Jest Snapshot v1, https://goo.gl/fbAQLP

exports[`QueryTimer matches snapshot 1`] = `
<div
  class="query-timer"
>
  1.85s
  <button
    class="bp3-button bp3-minimal"
    type="button"
  >
    <span
      class="bp3-icon bp3-icon-stopwatch"
      icon="stopwatch"
    >
      <svg
        data-icon="stopwatch"
        height="16"
        viewBox="0 0 16 16"
        width="16"
      >
        <desc>
          stopwatch
        </desc>
        <path
          d="M9 2v1.083A6.002 6.002 0 018 15 6 6 0 017 3.083V2H6a1 1 0 110-2h4a1 1 0 010 2H9zM8 5a4 4 0 104 4H8V5z"
          fill-rule="evenodd"
        />
      </svg>
    </span>
  </button>
</div>
`;
