// Jest Snapshot v1, https://goo.gl/fbAQLP

exports[`NumericInputWithDefault matches snapshot 1`] = `
<Blueprint3.NumericInput
  allowNumericCharactersOnly={true}
  buttonPosition="right"
  clampValueOnBlur={false}
  defaultValue=""
  large={false}
  majorStepSize={10}
  minorStepSize={0.1}
  onBlur={[Function]}
  onValueChange={[Function]}
  selectAllOnFocus={false}
  selectAllOnIncrement={false}
  stepSize={1}
  value={5}
/>
`;
