// Jest Snapshot v1, https://goo.gl/fbAQLP

exports[`SupervisorsView matches snapshot 1`] = `
<div
  className="supervisors-view app-view"
>
  <Memo(ViewControlBar)
    label="Supervisors"
  >
    <Memo(RefreshButton)
      localStorageKey="supervisors-refresh-rate"
      onRefresh={[Function]}
    />
    <React.Fragment>
      <Memo(MoreButton)>
        <Blueprint4.MenuItem
          active={false}
          disabled={false}
          icon="application"
          multiline={false}
          onClick={[Function]}
          popoverProps={Object {}}
          selected={false}
          shouldDismissPopover={true}
          text="View SQL query for table"
        />
        <Blueprint4.MenuItem
          active={false}
          disabled={false}
          icon="manually-entered-data"
          multiline={false}
          onClick={[Function]}
          popoverProps={Object {}}
          selected={false}
          shouldDismissPopover={true}
          text="Submit JSON supervisor"
        />
        <Blueprint4.MenuItem
          active={false}
          disabled={false}
          icon="play"
          multiline={false}
          onClick={[Function]}
          popoverProps={Object {}}
          selected={false}
          shouldDismissPopover={true}
          text="Resume all supervisors"
        />
        <Blueprint4.MenuItem
          active={false}
          disabled={false}
          icon="pause"
          multiline={false}
          onClick={[Function]}
          popoverProps={Object {}}
          selected={false}
          shouldDismissPopover={true}
          text="Suspend all supervisors"
        />
        <Blueprint4.MenuItem
          active={false}
          disabled={false}
          icon="cross"
          intent="danger"
          multiline={false}
          onClick={[Function]}
          popoverProps={Object {}}
          selected={false}
          shouldDismissPopover={true}
          text="Terminate all supervisors"
        />
      </Memo(MoreButton)>
    </React.Fragment>
    <Memo(TableColumnSelector)
      columns={
        Array [
          "Supervisor ID",
          "Type",
          "Topic/Stream",
          "Status",
          "Running tasks",
          "Actions",
        ]
      }
      onChange={[Function]}
      tableColumnsHidden={Array []}
    />
  </Memo(ViewControlBar)>
  <ReactTable
    AggregatedComponent={[Function]}
    ExpanderComponent={[Function]}
    FilterComponent={[Function]}
    LoadingComponent={[Function]}
    NoDataComponent={[Function]}
    PadRowComponent={[Function]}
    PaginationComponent={[Function]}
    PivotValueComponent={[Function]}
    ResizerComponent={[Function]}
    TableComponent={[Function]}
    TbodyComponent={[Function]}
    TdComponent={[Function]}
    TfootComponent={[Function]}
    ThComponent={[Function]}
    TheadComponent={[Function]}
    TrComponent={[Function]}
    TrGroupComponent={[Function]}
    aggregatedKey="_aggregated"
    className=""
    collapseOnDataChange={true}
    collapseOnPageChange={true}
    collapseOnSortingChange={true}
    column={
      Object {
        "Aggregated": undefined,
        "Cell": undefined,
        "Expander": undefined,
        "Filter": undefined,
        "Footer": undefined,
        "Header": undefined,
        "Pivot": undefined,
        "PivotValue": undefined,
        "Placeholder": undefined,
        "aggregate": undefined,
        "className": "",
        "filterAll": false,
        "filterMethod": undefined,
        "filterable": undefined,
        "footerClassName": "",
        "footerStyle": Object {},
        "getFooterProps": [Function],
        "getHeaderProps": [Function],
        "getProps": [Function],
        "headerClassName": "",
        "headerStyle": Object {},
        "minResizeWidth": 11,
        "minWidth": 100,
        "resizable": undefined,
        "show": true,
        "sortMethod": undefined,
        "sortable": undefined,
        "style": Object {},
      }
    }
    columns={
      Array [
        Object {
          "Cell": [Function],
          "Header": <React.Fragment>
            Supervisor ID
            <br />
            <i>
              (datasource)
            </i>
          </React.Fragment>,
          "accessor": "supervisor_id",
          "id": "supervisor_id",
          "show": true,
          "width": 300,
        },
        Object {
          "Cell": [Function],
          "Header": "Type",
          "accessor": "type",
          "show": true,
          "width": 100,
        },
        Object {
          "Cell": [Function],
          "Header": "Topic/Stream",
          "accessor": "source",
          "show": true,
          "width": 300,
        },
        Object {
          "Cell": [Function],
          "Header": "Status",
          "accessor": "detailed_state",
          "id": "status",
          "show": true,
          "width": 250,
        },
        Object {
          "Cell": [Function],
          "Header": "Running tasks",
          "accessor": "running_tasks",
          "filterable": false,
          "id": "running_tasks",
          "show": true,
          "width": 150,
        },
        Object {
          "Cell": [Function],
          "Header": "Actions",
          "accessor": "supervisor_id",
          "filterable": false,
          "id": "actions",
          "show": true,
          "width": 70,
        },
      ]
    }
    data={Array []}
    defaultExpanded={Object {}}
    defaultFilterMethod={[Function]}
    defaultFiltered={Array []}
    defaultPage={0}
    defaultPageSize={25}
    defaultResized={Array []}
    defaultSortDesc={false}
    defaultSortMethod={[Function]}
    defaultSorted={Array []}
    expanderDefaults={
      Object {
        "filterable": false,
        "resizable": false,
        "sortable": false,
        "width": 35,
      }
    }
    filterable={true}
    filtered={Array []}
    freezeWhenExpanded={false}
    getLoadingProps={[Function]}
    getNoDataProps={[Function]}
    getPaginationProps={[Function]}
    getProps={[Function]}
    getResizerProps={[Function]}
    getTableProps={[Function]}
    getTbodyProps={[Function]}
    getTdProps={[Function]}
    getTfootProps={[Function]}
    getTfootTdProps={[Function]}
    getTfootTrProps={[Function]}
    getTheadFilterProps={[Function]}
    getTheadFilterThProps={[Function]}
    getTheadFilterTrProps={[Function]}
    getTheadGroupProps={[Function]}
    getTheadGroupThProps={[Function]}
    getTheadGroupTrProps={[Function]}
    getTheadProps={[Function]}
    getTheadThProps={[Function]}
    getTheadTrProps={[Function]}
    getTrGroupProps={[Function]}
    getTrProps={[Function]}
    groupedByPivotKey="_groupedByPivot"
    indexKey="_index"
    loading={true}
    loadingText="Loading..."
    multiSort={true}
    nestingLevelKey="_nestingLevel"
    nextText="Next"
    noDataText=""
    ofText="of"
    onFetchData={[Function]}
    onFilteredChange={[Function]}
    originalKey="_original"
    pageJumpText="jump to page"
    pageSizeOptions={
      Array [
        25,
        50,
        100,
      ]
    }
    pageText="Page"
    pivotDefaults={Object {}}
    pivotIDKey="_pivotID"
    pivotValKey="_pivotVal"
    previousText="Previous"
    resizable={true}
    resolveData={[Function]}
    rowsSelectorText="rows per page"
    rowsText="rows"
    showPageJump={true}
    showPageSizeOptions={true}
    showPagination={false}
    showPaginationBottom={true}
    showPaginationTop={false}
    sortable={true}
    style={Object {}}
    subRowsKey="_subRows"
  />
  <Memo(AlertDialog)
    confirmButtonText="OK"
    icon="error"
    intent="primary"
    isOpen={false}
    onConfirm={[Function]}
  >
    <p />
  </Memo(AlertDialog)>
</div>
`;
