// Jest Snapshot v1, https://goo.gl/fbAQLP

exports[`query extra info matches snapshot 1`] = `
<div
  class="query-extra-info"
>
  <div
    class="query-info"
  >
    <span
      class="bp3-popover-wrapper"
    >
      <span
        class="bp3-popover-target"
      >
        <span
          class=""
          tabindex="0"
        >
          999+ results in 8.00s
        </span>
      </span>
    </span>
  </div>
  <span
    class="bp3-popover-wrapper download-button"
  >
    <span
      class="bp3-popover-target"
    >
      <button
        class="bp3-button bp3-minimal"
        type="button"
      >
        <span
          class="bp3-icon bp3-icon-download"
          icon="download"
        >
          <svg
            data-icon="download"
            height="16"
            viewBox="0 0 16 16"
            width="16"
          >
            <desc>
              download
            </desc>
            <path
              d="M7.99-.01c-4.42 0-8 3.58-8 8s3.58 8 8 8 8-3.58 8-8-3.58-8-8-8zM11.7 9.7l-3 3c-.18.18-.43.29-.71.29s-.53-.11-.71-.29l-3-3A1.003 1.003 0 015.7 8.28l1.29 1.29V3.99c0-.55.45-1 1-1s1 .45 1 1v5.59l1.29-1.29a1.003 1.003 0 011.71.71c0 .27-.11.52-.29.7z"
              fill-rule="evenodd"
            />
          </svg>
        </span>
      </button>
    </span>
  </span>
</div>
`;
