// Jest Snapshot v1, https://goo.gl/fbAQLP

exports[`LearnMore matches snapshot 1`] = `
<p
  class="learn-more"
>
  <a
    href="https://druid.apache.org/docs"
    rel="noopener noreferrer"
    target="_blank"
  >
    Learn more
  </a>
</p>
`;
