// Jest Snapshot v1, https://goo.gl/fbAQLP

exports[`jodaFormatToRegExp works for common formats 1`] = `"/^(?:3[0-1]|[12][0-9]|[1-9])\\\\/(?:1[0-2]|[1-9])\\\\/[0-9]{4}$/i"`;

exports[`jodaFormatToRegExp works for common formats 2`] = `"/^(?:1[0-2]|0[1-9])\\\\/(?:3[0-1]|[12][0-9]|0[1-9])\\\\/[0-9]{4}$/i"`;

exports[`jodaFormatToRegExp works for common formats 3`] = `"/^(?:1[0-2]|[1-9])\\\\/(?:3[0-1]|[12][0-9]|[1-9])\\\\/[0-9]{2}$/i"`;

exports[`jodaFormatToRegExp works for common formats 4`] = `"/^(?:3[0-1]|[12][0-9]|[1-9])-(?:1[0-2]|[1-9])-[0-9]{4} (?:1[0-2]|0[1-9]):[0-5][0-9]:[0-5][0-9] [ap]m$/i"`;

exports[`jodaFormatToRegExp works for common formats 5`] = `"/^(?:1[0-2]|0[1-9])\\\\/(?:3[0-1]|[12][0-9]|0[1-9])\\\\/[0-9]{4} (?:1[0-2]|0[1-9]):[0-5][0-9]:[0-5][0-9] [ap]m$/i"`;

exports[`jodaFormatToRegExp works for common formats 6`] = `"/^[0-9]{4}-(?:1[0-2]|0[1-9])-(?:3[0-1]|[12][0-9]|0[1-9]) (?:2[0-3]|1[0-9]|0[0-9]):[0-5][0-9]:[0-5][0-9]$/i"`;

exports[`jodaFormatToRegExp works for common formats 7`] = `"/^[0-9]{4}-(?:1[0-2]|0[1-9])-(?:3[0-1]|[12][0-9]|0[1-9]) (?:2[0-3]|1[0-9]|0[0-9]):[0-5][0-9]:[0-5][0-9].[0-9]{1,3}$/i"`;
