// Jest Snapshot v1, https://goo.gl/fbAQLP

exports[`MaxTasksButton matches snapshot 1`] = `
<Fragment>
  <Blueprint4.Popover2
    boundary="clippingParents"
    captureDismiss={false}
    className="max-tasks-button"
    content={
      <Blueprint4.Menu>
        <Blueprint4.MenuDivider
          title="Number of tasks to launch"
        />
        <Blueprint4.MenuItem
          active={false}
          disabled={false}
          icon="tick"
          label="(1 controller + 1 worker)"
          multiline={false}
          onClick={[Function]}
          popoverProps={Object {}}
          selected={false}
          shouldDismissPopover={true}
          text="2"
        />
        <Blueprint4.MenuItem
          active={false}
          disabled={false}
          icon="blank"
          label="(1 controller + max 2 workers)"
          multiline={false}
          onClick={[Function]}
          popoverProps={Object {}}
          selected={false}
          shouldDismissPopover={true}
          text="3"
        />
        <Blueprint4.MenuItem
          active={false}
          disabled={false}
          icon="blank"
          label="(1 controller + max 3 workers)"
          multiline={false}
          onClick={[Function]}
          popoverProps={Object {}}
          selected={false}
          shouldDismissPopover={true}
          text="4"
        />
        <Blueprint4.MenuItem
          active={false}
          disabled={false}
          icon="blank"
          label="(1 controller + max 4 workers)"
          multiline={false}
          onClick={[Function]}
          popoverProps={Object {}}
          selected={false}
          shouldDismissPopover={true}
          text="5"
        />
        <Blueprint4.MenuItem
          active={false}
          disabled={false}
          icon="blank"
          label="(1 controller + max 6 workers)"
          multiline={false}
          onClick={[Function]}
          popoverProps={Object {}}
          selected={false}
          shouldDismissPopover={true}
          text="7"
        />
        <Blueprint4.MenuItem
          active={false}
          disabled={false}
          icon="blank"
          label="(1 controller + max 8 workers)"
          multiline={false}
          onClick={[Function]}
          popoverProps={Object {}}
          selected={false}
          shouldDismissPopover={true}
          text="9"
        />
        <Blueprint4.MenuItem
          active={false}
          disabled={false}
          icon="blank"
          label="(1 controller + max 10 workers)"
          multiline={false}
          onClick={[Function]}
          popoverProps={Object {}}
          selected={false}
          shouldDismissPopover={true}
          text="11"
        />
        <Blueprint4.MenuItem
          active={false}
          disabled={false}
          icon="blank"
          label="(1 controller + max 16 workers)"
          multiline={false}
          onClick={[Function]}
          popoverProps={Object {}}
          selected={false}
          shouldDismissPopover={true}
          text="17"
        />
        <Blueprint4.MenuItem
          active={false}
          disabled={false}
          icon="blank"
          label="(1 controller + max 32 workers)"
          multiline={false}
          onClick={[Function]}
          popoverProps={Object {}}
          selected={false}
          shouldDismissPopover={true}
          text="33"
        />
        <Blueprint4.MenuItem
          active={false}
          disabled={false}
          icon="blank"
          label="(1 controller + max 64 workers)"
          multiline={false}
          onClick={[Function]}
          popoverProps={Object {}}
          selected={false}
          shouldDismissPopover={true}
          text="65"
        />
        <Blueprint4.MenuItem
          active={false}
          disabled={false}
          icon="blank"
          multiline={false}
          onClick={[Function]}
          popoverProps={Object {}}
          selected={false}
          shouldDismissPopover={true}
          text="Custom"
        />
        <Blueprint4.MenuDivider />
        <Blueprint4.MenuItem
          active={false}
          disabled={false}
          icon="flow-branch"
          label="max"
          multiline={false}
          popoverProps={Object {}}
          selected={false}
          shouldDismissPopover={true}
          text="Task assignment"
        >
          <Blueprint4.MenuItem
            active={false}
            disabled={false}
            icon="tick"
            multiline={false}
            onClick={[Function]}
            popoverProps={Object {}}
            selected={false}
            shouldDismissPopover={false}
            text="max - Use as many tasks as possible, up to the maximum."
          />
          <Blueprint4.MenuItem
            active={false}
            disabled={false}
            icon="blank"
            multiline={false}
            onClick={[Function]}
            popoverProps={Object {}}
            selected={false}
            shouldDismissPopover={false}
            text="auto - Use as few tasks as possible without exceeding 10 GiB or 10,000 files per task."
          />
        </Blueprint4.MenuItem>
      </Blueprint4.Menu>
    }
    defaultIsOpen={false}
    disabled={false}
    fill={false}
    hasBackdrop={false}
    hoverCloseDelay={300}
    hoverOpenDelay={150}
    inheritDarkTheme={true}
    interactionKind="click"
    minimal={false}
    openOnTargetFocus={true}
    position="bottom-left"
    positioningStrategy="absolute"
    shouldReturnFocusOnClose={false}
    targetTagName="span"
    transitionDuration={300}
    usePortal={true}
  >
    <Blueprint4.Button
      rightIcon="caret-down"
      text="Max tasks: 2"
    />
  </Blueprint4.Popover2>
</Fragment>
`;
