// Jest Snapshot v1, https://goo.gl/fbAQLP

exports[`home view card matches snapshot 1`] = `
<a
  class="home-view-card some-card"
  href="#somewhere"
>
  <div
    class="bp3-card bp3-interactive bp3-elevation-1"
  >
    <h5
      class="bp3-heading"
    >
      <span
        class="bp3-icon bp3-icon-database"
        icon="database"
      >
        <svg
          data-icon="database"
          fill="#bfccd5"
          height="16"
          viewBox="0 0 16 16"
          width="16"
        >
          <desc>
            database
          </desc>
          <path
            d="M8 4c3.31 0 6-.9 6-2s-2.69-2-6-2C4.68 0 2 .9 2 2s2.68 2 6 2zm-6-.48V8c0 1.1 2.69 2 6 2s6-.9 6-2V3.52C12.78 4.4 10.56 5 8 5s-4.78-.6-6-1.48zm0 6V14c0 1.1 2.69 2 6 2s6-.9 6-2V9.52C12.78 10.4 10.56 11 8 11s-4.78-.6-6-1.48z"
            fill-rule="evenodd"
          />
        </svg>
      </span>
      Â 
      Something
    </h5>
    Thigns
  </div>
</a>
`;
