// Jest Snapshot v1, https://goo.gl/fbAQLP

exports[`ColumnTree matches snapshot 1`] = `
<div
  className="column-tree"
>
  <HTMLSelect
    className="schema-selector"
    fill={true}
    large={true}
    minimal={true}
    onChange={[Function]}
    value={0}
  >
    <option
      key="0"
      value={0}
    >
      druid
    </option>
    <option
      key="1"
      value={1}
    >
      sys
    </option>
  </HTMLSelect>
  <div
    className="tree-container"
  >
    <Blueprint3.Tree
      contents={
        Array [
          Object {
            "childNodes": Array [
              Object {
                "icon": "time",
                "id": "__time",
                "label": <Blueprint3.Popover
                  autoFocus={false}
                  boundary="window"
                  captureDismiss={false}
                  content={
                    <Memo(Deferred)
                      content={[Function]}
                    />
                  }
                  defaultIsOpen={false}
                  disabled={false}
                  fill={false}
                  hasBackdrop={false}
                  hoverCloseDelay={300}
                  hoverOpenDelay={150}
                  inheritDarkTheme={true}
                  interactionKind="click"
                  minimal={false}
                  modifiers={Object {}}
                  openOnTargetFocus={true}
                  position="right"
                  targetClassName="bp3-popover-open"
                  targetTagName="span"
                  transitionDuration={300}
                  usePortal={true}
                  wrapperTagName="span"
                >
                  __time
                </Blueprint3.Popover>,
              },
              Object {
                "icon": "numerical",
                "id": "added",
                "label": <Blueprint3.Popover
                  autoFocus={false}
                  boundary="window"
                  captureDismiss={false}
                  content={
                    <Memo(Deferred)
                      content={[Function]}
                    />
                  }
                  defaultIsOpen={false}
                  disabled={false}
                  fill={false}
                  hasBackdrop={false}
                  hoverCloseDelay={300}
                  hoverOpenDelay={150}
                  inheritDarkTheme={true}
                  interactionKind="click"
                  minimal={false}
                  modifiers={Object {}}
                  openOnTargetFocus={true}
                  position="right"
                  targetClassName="bp3-popover-open"
                  targetTagName="span"
                  transitionDuration={300}
                  usePortal={true}
                  wrapperTagName="span"
                >
                  added
                </Blueprint3.Popover>,
              },
              Object {
                "icon": "numerical",
                "id": "addedBy10",
                "label": <Blueprint3.Popover
                  autoFocus={false}
                  boundary="window"
                  captureDismiss={false}
                  content={
                    <Memo(Deferred)
                      content={[Function]}
                    />
                  }
                  defaultIsOpen={false}
                  disabled={false}
                  fill={false}
                  hasBackdrop={false}
                  hoverCloseDelay={300}
                  hoverOpenDelay={150}
                  inheritDarkTheme={true}
                  interactionKind="click"
                  minimal={false}
                  modifiers={Object {}}
                  openOnTargetFocus={true}
                  position="right"
                  targetClassName="bp3-popover-open"
                  targetTagName="span"
                  transitionDuration={300}
                  usePortal={true}
                  wrapperTagName="span"
                >
                  addedBy10
                </Blueprint3.Popover>,
              },
            ],
            "icon": "th",
            "id": "wikipedia",
            "isExpanded": true,
            "label": <Blueprint3.Popover
              boundary="window"
              captureDismiss={false}
              content={
                <Memo(Deferred)
                  content={[Function]}
                />
              }
              defaultIsOpen={false}
              disabled={false}
              fill={false}
              hasBackdrop={false}
              hoverCloseDelay={300}
              hoverOpenDelay={150}
              inheritDarkTheme={true}
              interactionKind="click"
              minimal={false}
              modifiers={Object {}}
              openOnTargetFocus={true}
              position="right"
              targetTagName="span"
              transitionDuration={300}
              usePortal={true}
              wrapperTagName="span"
            >
              wikipedia
            </Blueprint3.Popover>,
          },
        ]
      }
      onNodeCollapse={[Function]}
      onNodeExpand={[Function]}
    />
  </div>
</div>
`;
