// Jest Snapshot v1, https://goo.gl/fbAQLP

exports[`BarUnit matches snapshot 1`] = `
<svg>
  <rect
    class="bar-unit"
    height="10"
    width="10"
    x="10"
    y="10"
  />
</svg>
`;
