// Jest Snapshot v1, https://goo.gl/fbAQLP

exports[`Segment Timeline matches snapshot 1`] = `
<div
  class="segment-timeline app-view"
>
  <div>
    <div
      class="loader"
    >
      <div
        class="loader-logo"
      >
        <svg
          viewBox="0 0 100 100"
        >
          <path
            class="one"
            d="M54.2,69.8h-2.7c-0.7,0-1.3-0.6-1.3-1.3c0-0.7,0.6-1.3,1.3-1.3h2.7c11.5,0,23.8-7.4,23.8-23.7
          c0-9.1-6.9-15.8-16.4-15.8H38c-0.7,0-1.3-0.6-1.3-1.3s0.6-1.3,1.3-1.3h23.6c5.3,0,10.1,1.9,13.6,5.3c3.5,3.4,5.4,8,5.4,13.1
          c0,6.6-2.3,13-6.3,17.7C69.5,66.8,62.5,69.8,54.2,69.8z"
          />
          <path
            class="two"
            d="M55.7,59.5h-26c-0.7,0-1.3-0.6-1.3-1.3c0-0.7,0.6-1.3,1.3-1.3h26c7.5,0,11.5-5.8,11.5-11.5
            c0-4.2-3.2-7.3-7.7-7.3h-26c-0.7,0-1.3-0.6-1.3-1.3s0.6-1.3,1.3-1.3h26c5.9,0,10.3,4.3,10.3,9.9c0,3.7-1.3,7.2-3.7,9.8
            C63.5,58,59.9,59.5,55.7,59.5z"
          />
          <path
            class="three"
            d="M27.2,38h-6.3c-0.7,0-1.3-0.6-1.3-1.3s0.6-1.3,1.3-1.3h6.3c0.7,0,1.3,0.6,1.3,1.3S27.9,38,27.2,38z"
          />
          <path
            class="four"
            d="M45.1,69.8h-5.8c-0.7,0-1.3-0.6-1.3-1.3c0-0.7,0.6-1.3,1.3-1.3h5.8c0.7,0,1.3,0.6,1.3,1.3
            C46.4,69.2,45.8,69.8,45.1,69.8z"
          />
        </svg>
      </div>
    </div>
  </div>
  <div
    class="side-control"
  >
    <div
      class="bp3-form-group"
    >
      <div
        class="bp3-form-content"
      >
        <div>
          <label
            class="bp3-control bp3-radio"
          >
            <input
              checked=""
              name="Blueprint3.RadioGroup-0"
              type="radio"
              value="countData"
            />
            <span
              class="bp3-control-indicator"
            />
            Segment count
          </label>
          <label
            class="bp3-control bp3-radio"
          >
            <input
              name="Blueprint3.RadioGroup-0"
              type="radio"
              value="sizeData"
            />
            <span
              class="bp3-control-indicator"
            />
            Total size
          </label>
        </div>
      </div>
    </div>
    <div
      class="bp3-form-group"
    >
      <label
        class="bp3-label"
      >
        Datasource:
         
        <span
          class="bp3-text-muted"
        />
      </label>
      <div
        class="bp3-form-content"
      >
        <div
          class="bp3-html-select bp3-fill"
        >
          <select>
            <option
              value="all"
            >
              Show all
            </option>
          </select>
          <span
            class="bp3-icon bp3-icon-double-caret-vertical"
            icon="double-caret-vertical"
          >
            <svg
              data-icon="double-caret-vertical"
              height="16"
              viewBox="0 0 16 16"
              width="16"
            >
              <desc>
                double-caret-vertical
              </desc>
              <path
                d="M5 7h6a1.003 1.003 0 00.71-1.71l-3-3C8.53 2.11 8.28 2 8 2s-.53.11-.71.29l-3 3A1.003 1.003 0 005 7zm6 2H5a1.003 1.003 0 00-.71 1.71l3 3c.18.18.43.29.71.29s.53-.11.71-.29l3-3A1.003 1.003 0 0011 9z"
                fill-rule="evenodd"
              />
            </svg>
          </span>
        </div>
      </div>
    </div>
    <div
      class="bp3-form-group"
    >
      <label
        class="bp3-label"
      >
        Period:
         
        <span
          class="bp3-text-muted"
        />
      </label>
      <div
        class="bp3-form-content"
      >
        <div
          class="bp3-html-select bp3-fill"
        >
          <select>
            <option
              value="1"
            >
               1 months
            </option>
            <option
              value="3"
            >
               3 months
            </option>
            <option
              value="6"
            >
               6 months
            </option>
            <option
              value="9"
            >
               9 months
            </option>
            <option
              value="12"
            >
               1 year
            </option>
          </select>
          <span
            class="bp3-icon bp3-icon-double-caret-vertical"
            icon="double-caret-vertical"
          >
            <svg
              data-icon="double-caret-vertical"
              height="16"
              viewBox="0 0 16 16"
              width="16"
            >
              <desc>
                double-caret-vertical
              </desc>
              <path
                d="M5 7h6a1.003 1.003 0 00.71-1.71l-3-3C8.53 2.11 8.28 2 8 2s-.53.11-.71.29l-3 3A1.003 1.003 0 005 7zm6 2H5a1.003 1.003 0 00-.71 1.71l3 3c.18.18.43.29.71.29s.53-.11.71-.29l3-3A1.003 1.003 0 0011 9z"
                fill-rule="evenodd"
              />
            </svg>
          </span>
        </div>
      </div>
    </div>
  </div>
</div>
`;
