// Jest Snapshot v1, https://goo.gl/fbAQLP

exports[`makeDocHtml correctly formats helper HTML 1`] = `
"
<div class="doc-name">COUNT</div>
<div class="doc-syntax">COUNT(*)</div>
<div class="doc-description">Counts the number of things</div>"
`;
