// Jest Snapshot v1, https://goo.gl/fbAQLP

exports[`query error matches snapshot 1`] = `
<div
  className="query-error"
>
  something went wrong in line 7, column 8.
</div>
`;
